#
# There is insufficient memory for the Java Runtime Environment to continue.
# Native memory allocation (malloc) failed to allocate 239056 bytes. Error detail: Chunk::new
# Possible reasons:
#   The system is out of physical RAM or swap space
#   This process is running with CompressedOops enabled, and the Java Heap may be blocking the growth of the native heap
# Possible solutions:
#   Reduce memory load on the system
#   Increase physical memory or swap space
#   Check if swap backing store is full
#   Decrease Java heap size (-Xmx/-Xms)
#   Decrease number of Java threads
#   Decrease Java thread stack sizes (-Xss)
#   Set larger code cache with -XX:ReservedCodeCacheSize=
#   JVM is running with Unscaled Compressed Oops mode in which the Java heap is
#     placed in the first 4GB address space. The Java Heap base address is the
#     maximum limit for the native heap growth. Please use -XX:HeapBaseMinAddress
#     to set the Java Heap base and to place the Java Heap above 4GB virtual address.
# This output file may be truncated or incomplete.
#
#  Out of Memory Error (arena.cpp:168), pid=13476, tid=19836
#
# JRE version: OpenJDK Runtime Environment Temurin-21.0.11+10 (21.0.11+10) (build 21.0.11+10-LTS)
# Java VM: OpenJDK 64-Bit Server VM Temurin-21.0.11+10 (21.0.11+10-LTS, mixed mode, sharing, tiered, compressed oops, compressed class ptrs, parallel gc, windows-amd64)
# No core dump will be written. Minidumps are not enabled by default on client versions of Windows
#

---------------  S U M M A R Y ------------

Command Line: --add-modules=ALL-SYSTEM --add-opens=java.base/java.util=ALL-UNNAMED --add-opens=java.base/java.lang=ALL-UNNAMED --add-opens=java.base/sun.nio.fs=ALL-UNNAMED -Declipse.application=org.eclipse.jdt.ls.core.id1 -Dosgi.bundles.defaultStartLevel=4 -Declipse.product=org.eclipse.jdt.ls.core.product -Djava.import.generatesMetadataFilesAtProjectRoot=false -DDetectVMInstallationsJob.disabled=true -Dfile.encoding=utf8 -XX:+UseParallelGC -XX:GCTimeRatio=4 -XX:AdaptiveSizePolicyWeight=90 -Dsun.zip.disableMemoryMapping=true -Xmx2G -Xms100m -Xlog:disable -javaagent:c:\Users\Lyn Sue\.vscode\extensions\redhat.java-1.55.0-win32-x64\lombok\lombok-1.18.39-4050.jar -XX:+HeapDumpOnOutOfMemoryError -XX:HeapDumpPath=c:\Users\Lyn Sue\AppData\Roaming\Code\User\workspaceStorage\7e474720ecf13bf97fcae113f998a4fd\redhat.java -Daether.dependencyCollector.impl=bf c:\Users\Lyn Sue\.vscode\extensions\redhat.java-1.55.0-win32-x64\server\plugins\org.eclipse.equinox.launcher_1.7.200.v20260619-2039.jar -configuration c:\Users\Lyn Sue\AppData\Roaming\Code\User\globalStorage\redhat.java\1.55.0\config_win -data c:\Users\Lyn Sue\AppData\Roaming\Code\User\workspaceStorage\7e474720ecf13bf97fcae113f998a4fd\redhat.java\jdt_ws --pipe=\\.\pipe\lsp-c87264fe71c8aba509447a70a376c2f9-sock

Host: AMD Ryzen 7 5800U with Radeon Graphics         , 16 cores, 15G,  Windows 11 , 64 bit Build 26100 (10.0.26100.9168)
Time: Tue Aug 18 12:39:23 2026 E. Africa Standard Time elapsed time: 15.516833 seconds (0d 0h 0m 15s)

---------------  T H R E A D  ---------------

Current thread (0x000001aae6985930):  JavaThread "C2 CompilerThread2" daemon [_thread_in_native, id=19836, stack(0x000000532ba00000,0x000000532bb00000) (1024K)]


Current CompileTask:
C2:15516 7777       4       jdk.internal.jimage.BasicImageReader::getString (35 bytes)

Stack: [0x000000532ba00000,0x000000532bb00000]
Native frames: (J=compiled Java code, j=interpreted, Vv=VM code, C=native code)
V  [jvm.dll+0x6d7e19]
V  [jvm.dll+0x8b5096]
V  [jvm.dll+0x8b764e]
V  [jvm.dll+0x8b7d33]
V  [jvm.dll+0x284596]
V  [jvm.dll+0xc685d]
V  [jvm.dll+0xc6da1]
V  [jvm.dll+0x2fb4ee]
V  [jvm.dll+0x5fe9a4]
V  [jvm.dll+0x255d67]
V  [jvm.dll+0x25612d]
V  [jvm.dll+0x24e6a0]
V  [jvm.dll+0x24bbe6]
V  [jvm.dll+0x1cb4ae]
V  [jvm.dll+0x25baad]
V  [jvm.dll+0x25a03a]
V  [jvm.dll+0x3f868e]
V  [jvm.dll+0x85fb0d]
V  [jvm.dll+0x6d664d]
C  [ucrtbase.dll+0x2cd30]
C  [KERNEL32.DLL+0x2ccb7]
C  [ntdll.dll+0xaad6c]


---------------  P R O C E S S  ---------------

Threads class SMR info:
_java_thread_list=0x000001aae25ff4d0, length=67, elements={
0x000001aac4110120, 0x000001aac41b33c0, 0x000001aadabbe230, 0x000001aac41ba060,
0x000001aac41bacc0, 0x000001aac41bec90, 0x000001aac41c3c70, 0x000001aac41caf30,
0x000001aac41ce3c0, 0x000001aadc087fa0, 0x000001aadc1dfe40, 0x000001aadc1e0b60,
0x000001aadc1df7b0, 0x000001aadc1e11f0, 0x000001aadc1e1880, 0x000001aadc1e1f10,
0x000001aadc1e25a0, 0x000001aadc1df120, 0x000001aae2e50760, 0x000001aae2e50df0,
0x000001aae2e51b10, 0x000001aae2e54900, 0x000001aae2e51480, 0x000001aae2e54f90,
0x000001aae2e53550, 0x000001aae2e55620, 0x000001aae2e521a0, 0x000001aae2e55cb0,
0x000001aae2e56340, 0x000001aae2e52ec0, 0x000001aae2e569d0, 0x000001aae2e57060,
0x000001aae2e576f0, 0x000001aae2e57d80, 0x000001aae389f2f0, 0x000001aae38a0010,
0x000001aae389f980, 0x000001aae389ec60, 0x000001aae38a0d30, 0x000001aae38a06a0,
0x000001aae389df40, 0x000001aae38a13c0, 0x000001aae38a1a50, 0x000001aae38a20e0,
0x000001aae38a4ed0, 0x000001aae38a3490, 0x000001aae38a5560, 0x000001aae38a41b0,
0x000001aae38a3b20, 0x000001aae38a4840, 0x000001aae38a2770, 0x000001aae5e069e0,
0x000001aae5e04fa0, 0x000001aae5e05cc0, 0x000001aae5e04910, 0x000001aae5e07070,
0x000001aae5e04280, 0x000001aae5e07d90, 0x000001aae5e07700, 0x000001aae5e08420,
0x000001aae5e0a4f0, 0x000001aae6983720, 0x000001aae6984b90, 0x000001aae6985260,
0x000001aae5e0b210, 0x000001aae5e0b8a0, 0x000001aae6985930
}

Java Threads: ( => current thread )
  0x000001aac4110120 JavaThread "main"                              [_thread_blocked, id=21040, stack(0x0000005327700000,0x0000005327800000) (1024K)]
  0x000001aac41b33c0 JavaThread "Reference Handler"          daemon [_thread_blocked, id=23608, stack(0x0000005327b00000,0x0000005327c00000) (1024K)]
  0x000001aadabbe230 JavaThread "Finalizer"                  daemon [_thread_blocked, id=23488, stack(0x0000005327c00000,0x0000005327d00000) (1024K)]
  0x000001aac41ba060 JavaThread "Signal Dispatcher"          daemon [_thread_blocked, id=25400, stack(0x0000005327d00000,0x0000005327e00000) (1024K)]
  0x000001aac41bacc0 JavaThread "Attach Listener"            daemon [_thread_blocked, id=6020, stack(0x0000005327e00000,0x0000005327f00000) (1024K)]
  0x000001aac41bec90 JavaThread "Service Thread"             daemon [_thread_blocked, id=3508, stack(0x0000005327f00000,0x0000005328000000) (1024K)]
  0x000001aac41c3c70 JavaThread "Monitor Deflation Thread"   daemon [_thread_blocked, id=15500, stack(0x0000005328000000,0x0000005328100000) (1024K)]
  0x000001aac41caf30 JavaThread "C2 CompilerThread0"         daemon [_thread_blocked, id=1540, stack(0x0000005328100000,0x0000005328200000) (1024K)]
  0x000001aac41ce3c0 JavaThread "C1 CompilerThread0"         daemon [_thread_blocked, id=16212, stack(0x0000005328200000,0x0000005328300000) (1024K)]
  0x000001aadc087fa0 JavaThread "C1 CompilerThread1"         daemon [_thread_blocked, id=25576, stack(0x0000005328300000,0x0000005328400000) (1024K)]
  0x000001aadc1dfe40 JavaThread "Common-Cleaner"             daemon [_thread_blocked, id=21728, stack(0x0000005328500000,0x0000005328600000) (1024K)]
  0x000001aadc1e0b60 JavaThread "Notification Thread"        daemon [_thread_blocked, id=11856, stack(0x0000005328800000,0x0000005328900000) (1024K)]
  0x000001aadc1df7b0 JavaThread "Active Thread: Equinox Container: f20aacb9-5aac-4086-a5ae-edb064bd7121"        [_thread_blocked, id=22696, stack(0x0000005329100000,0x0000005329200000) (1024K)]
  0x000001aadc1e11f0 JavaThread "Refresh Thread: Equinox Container: f20aacb9-5aac-4086-a5ae-edb064bd7121" daemon [_thread_blocked, id=20896, stack(0x0000005329300000,0x0000005329400000) (1024K)]
  0x000001aadc1e1880 JavaThread "Framework Event Dispatcher: Equinox Container: f20aacb9-5aac-4086-a5ae-edb064bd7121" daemon [_thread_blocked, id=19604, stack(0x0000005329000000,0x0000005329100000) (1024K)]
  0x000001aadc1e1f10 JavaThread "Start Level: Equinox Container: f20aacb9-5aac-4086-a5ae-edb064bd7121" daemon [_thread_blocked, id=6084, stack(0x0000005329400000,0x0000005329500000) (1024K)]
  0x000001aadc1e25a0 JavaThread "Bundle File Closer"         daemon [_thread_blocked, id=21672, stack(0x0000005329800000,0x0000005329900000) (1024K)]
  0x000001aadc1df120 JavaThread "SCR Component Actor"        daemon [_thread_blocked, id=21092, stack(0x0000005328400000,0x0000005328500000) (1024K)]
  0x000001aae2e50760 JavaThread "Worker-JM"                         [_thread_blocked, id=14608, stack(0x0000005329b00000,0x0000005329c00000) (1024K)]
  0x000001aae2e50df0 JavaThread "JNA Cleaner"                daemon [_thread_blocked, id=11152, stack(0x0000005328900000,0x0000005328a00000) (1024K)]
  0x000001aae2e51b10 JavaThread "Worker-0"                          [_thread_blocked, id=5248, stack(0x0000005329900000,0x0000005329a00000) (1024K)]
  0x000001aae2e54900 JavaThread "Worker-1"                          [_thread_blocked, id=19944, stack(0x0000005329d00000,0x0000005329e00000) (1024K)]
  0x000001aae2e51480 JavaThread "Java indexing"              daemon [_thread_blocked, id=18116, stack(0x000000532a000000,0x000000532a100000) (1024K)]
  0x000001aae2e54f90 JavaThread "Worker-2: Initialize workspace"        [_thread_in_native, id=1260, stack(0x000000532a600000,0x000000532a700000) (1024K)]
  0x000001aae2e53550 JavaThread "Worker-3"                          [_thread_blocked, id=23112, stack(0x000000532a700000,0x000000532a800000) (1024K)]
  0x000001aae2e55620 JavaThread "Thread-1"                   daemon [_thread_in_native, id=6500, stack(0x000000532a800000,0x000000532a900000) (1024K)]
  0x000001aae2e521a0 JavaThread "Thread-2"                   daemon [_thread_in_native, id=12980, stack(0x000000532a900000,0x000000532aa00000) (1024K)]
  0x000001aae2e55cb0 JavaThread "Thread-3"                   daemon [_thread_in_native, id=24588, stack(0x000000532aa00000,0x000000532ab00000) (1024K)]
  0x000001aae2e56340 JavaThread "Thread-4"                   daemon [_thread_in_native, id=21124, stack(0x000000532ab00000,0x000000532ac00000) (1024K)]
  0x000001aae2e52ec0 JavaThread "Thread-5"                   daemon [_thread_in_native, id=4516, stack(0x000000532ac00000,0x000000532ad00000) (1024K)]
  0x000001aae2e569d0 JavaThread "Thread-6"                   daemon [_thread_in_native, id=24156, stack(0x000000532ad00000,0x000000532ae00000) (1024K)]
  0x000001aae2e57060 JavaThread "Thread-7"                   daemon [_thread_in_native, id=8872, stack(0x000000532ae00000,0x000000532af00000) (1024K)]
  0x000001aae2e576f0 JavaThread "Thread-8"                   daemon [_thread_in_native, id=18932, stack(0x000000532af00000,0x000000532b000000) (1024K)]
  0x000001aae2e57d80 JavaThread "Thread-9"                   daemon [_thread_in_native, id=24432, stack(0x000000532b000000,0x000000532b100000) (1024K)]
  0x000001aae389f2f0 JavaThread "Thread-10"                  daemon [_thread_in_native, id=20272, stack(0x000000532b100000,0x000000532b200000) (1024K)]
  0x000001aae38a0010 JavaThread "Thread-11"                  daemon [_thread_in_native, id=21868, stack(0x000000532b200000,0x000000532b300000) (1024K)]
  0x000001aae389f980 JavaThread "Thread-12"                  daemon [_thread_in_native, id=10640, stack(0x000000532b300000,0x000000532b400000) (1024K)]
  0x000001aae389ec60 JavaThread "Thread-13"                  daemon [_thread_in_native, id=10160, stack(0x000000532b400000,0x000000532b500000) (1024K)]
  0x000001aae38a0d30 JavaThread "Thread-14"                  daemon [_thread_in_native, id=7044, stack(0x000000532b500000,0x000000532b600000) (1024K)]
  0x000001aae38a06a0 JavaThread "Thread-15"                  daemon [_thread_in_native, id=6548, stack(0x000000532b600000,0x000000532b700000) (1024K)]
  0x000001aae389df40 JavaThread "Thread-16"                  daemon [_thread_in_native, id=8088, stack(0x000000532b700000,0x000000532b800000) (1024K)]
  0x000001aae38a13c0 JavaThread "Thread-17"                  daemon [_thread_in_native, id=12424, stack(0x000000532b800000,0x000000532b900000) (1024K)]
  0x000001aae38a1a50 JavaThread "pool-2-thread-1"                   [_thread_blocked, id=24236, stack(0x000000532b900000,0x000000532ba00000) (1024K)]
  0x000001aae38a20e0 JavaThread "WorkspaceEventsHandler"            [_thread_blocked, id=23492, stack(0x000000532bd00000,0x000000532be00000) (1024K)]
  0x000001aae38a4ed0 JavaThread "pool-1-thread-1"                   [_thread_blocked, id=25292, stack(0x000000532be00000,0x000000532bf00000) (1024K)]
  0x000001aae38a3490 JavaThread "PatternSearchJob-worker-1"  daemon [_thread_blocked, id=25188, stack(0x000000532bf00000,0x000000532c000000) (1024K)]
  0x000001aae38a5560 JavaThread "PatternSearchJob-worker-2"  daemon [_thread_blocked, id=12492, stack(0x000000532c000000,0x000000532c100000) (1024K)]
  0x000001aae38a41b0 JavaThread "PatternSearchJob-worker-3"  daemon [_thread_blocked, id=19756, stack(0x000000532c100000,0x000000532c200000) (1024K)]
  0x000001aae38a3b20 JavaThread "PatternSearchJob-worker-4"  daemon [_thread_blocked, id=4428, stack(0x000000532c200000,0x000000532c300000) (1024K)]
  0x000001aae38a4840 JavaThread "PatternSearchJob-worker-5"  daemon [_thread_blocked, id=3880, stack(0x000000532c300000,0x000000532c400000) (1024K)]
  0x000001aae38a2770 JavaThread "PatternSearchJob-worker-6"  daemon [_thread_blocked, id=21540, stack(0x000000532c400000,0x000000532c500000) (1024K)]
  0x000001aae5e069e0 JavaThread "PatternSearchJob-worker-7"  daemon [_thread_blocked, id=19768, stack(0x000000532c500000,0x000000532c600000) (1024K)]
  0x000001aae5e04fa0 JavaThread "PatternSearchJob-worker-8"  daemon [_thread_blocked, id=9324, stack(0x000000532c600000,0x000000532c700000) (1024K)]
  0x000001aae5e05cc0 JavaThread "PatternSearchJob-worker-9"  daemon [_thread_blocked, id=24100, stack(0x000000532c700000,0x000000532c800000) (1024K)]
  0x000001aae5e04910 JavaThread "PatternSearchJob-worker-10" daemon [_thread_blocked, id=17632, stack(0x000000532c800000,0x000000532c900000) (1024K)]
  0x000001aae5e07070 JavaThread "PatternSearchJob-worker-11" daemon [_thread_blocked, id=24656, stack(0x000000532c900000,0x000000532ca00000) (1024K)]
  0x000001aae5e04280 JavaThread "PatternSearchJob-worker-12" daemon [_thread_blocked, id=17020, stack(0x000000532ca00000,0x000000532cb00000) (1024K)]
  0x000001aae5e07d90 JavaThread "PatternSearchJob-worker-13" daemon [_thread_blocked, id=4760, stack(0x000000532cb00000,0x000000532cc00000) (1024K)]
  0x000001aae5e07700 JavaThread "PatternSearchJob-worker-14" daemon [_thread_blocked, id=2724, stack(0x000000532cc00000,0x000000532cd00000) (1024K)]
  0x000001aae5e08420 JavaThread "PatternSearchJob-worker-15" daemon [_thread_blocked, id=23932, stack(0x000000532cd00000,0x000000532ce00000) (1024K)]
  0x000001aae5e0a4f0 JavaThread "ForkJoinPool.commonPool-worker-1" daemon [_thread_blocked, id=12760, stack(0x0000005328700000,0x0000005328800000) (1024K)]
  0x000001aae6983720 JavaThread "C2 CompilerThread1"         daemon [_thread_blocked, id=10476, stack(0x0000005328600000,0x0000005328700000) (1024K)]
  0x000001aae6984b90 JavaThread "C1 CompilerThread2"         daemon [_thread_blocked, id=21976, stack(0x0000005329e00000,0x0000005329f00000) (1024K)]
  0x000001aae6985260 JavaThread "C1 CompilerThread3"         daemon [_thread_blocked, id=9832, stack(0x0000005329f00000,0x000000532a000000) (1024K)]
  0x000001aae5e0b210 JavaThread "ForkJoinPool.commonPool-worker-2" daemon [_thread_blocked, id=16132, stack(0x000000532a100000,0x000000532a200000) (1024K)]
  0x000001aae5e0b8a0 JavaThread "ForkJoinPool.commonPool-worker-3" daemon [_thread_blocked, id=23104, stack(0x000000532a200000,0x000000532a300000) (1024K)]
=>0x000001aae6985930 JavaThread "C2 CompilerThread2"         daemon [_thread_in_native, id=19836, stack(0x000000532ba00000,0x000000532bb00000) (1024K)]
Total: 67

Other Threads:
  0x000001aadaba1d50 VMThread "VM Thread"                           [id=9928, stack(0x0000005327a00000,0x0000005327b00000) (1024K)]
  0x000001aadaa9ca00 WatcherThread "VM Periodic Task Thread"        [id=25004, stack(0x0000005327900000,0x0000005327a00000) (1024K)]
  0x000001aac412db80 WorkerThread "GC Thread#0"                     [id=13244, stack(0x0000005327800000,0x0000005327900000) (1024K)]
  0x000001aae297beb0 WorkerThread "GC Thread#1"                     [id=4544, stack(0x0000005328a00000,0x0000005328b00000) (1024K)]
  0x000001aae297c260 WorkerThread "GC Thread#2"                     [id=4584, stack(0x0000005328b00000,0x0000005328c00000) (1024K)]
  0x000001aae297c610 WorkerThread "GC Thread#3"                     [id=11920, stack(0x0000005328c00000,0x0000005328d00000) (1024K)]
  0x000001aae297c9c0 WorkerThread "GC Thread#4"                     [id=1728, stack(0x0000005328d00000,0x0000005328e00000) (1024K)]
  0x000001aae2a421f0 WorkerThread "GC Thread#5"                     [id=17512, stack(0x0000005328e00000,0x0000005328f00000) (1024K)]
  0x000001aae2a425a0 WorkerThread "GC Thread#6"                     [id=12044, stack(0x0000005328f00000,0x0000005329000000) (1024K)]
  0x000001aae24b7140 WorkerThread "GC Thread#7"                     [id=1444, stack(0x0000005329200000,0x0000005329300000) (1024K)]
  0x000001aae2ae7410 WorkerThread "GC Thread#8"                     [id=5044, stack(0x0000005329500000,0x0000005329600000) (1024K)]
  0x000001aae2ae77c0 WorkerThread "GC Thread#9"                     [id=19856, stack(0x0000005329600000,0x0000005329700000) (1024K)]
  0x000001aae2ae7b70 WorkerThread "GC Thread#10"                    [id=20716, stack(0x0000005329700000,0x0000005329800000) (1024K)]
  0x000001aae2dac7c0 WorkerThread "GC Thread#11"                    [id=24964, stack(0x0000005329a00000,0x0000005329b00000) (1024K)]
  0x000001aae2dac060 WorkerThread "GC Thread#12"                    [id=10628, stack(0x0000005329c00000,0x0000005329d00000) (1024K)]
Total: 15

Threads with active compile tasks:
C2 CompilerThread2  15545 7777       4       jdk.internal.jimage.BasicImageReader::getString (35 bytes)
Total: 1

VM state: not at safepoint (normal execution)

VM Mutex/Monitor currently owned by a thread: None

Heap address: 0x0000000080000000, size: 2048 MB, Compressed Oops mode: 32-bit

CDS archive(s) mapped at: [0x000001aa80000000-0x000001aa80ba0000-0x000001aa80ba0000), size 12189696, SharedBaseAddress: 0x000001aa80000000, ArchiveRelocationMode: 1.
Compressed class space mapped at: 0x000001aa81000000-0x000001aac1000000, reserved size: 1073741824
Narrow klass base: 0x000001aa80000000, Narrow klass shift: 0, Narrow klass range: 0x100000000

GC Precious Log:
 CardTable entry size: 512
 CPUs: 16 total, 16 available
 Memory: 15715M
 Large Page Support: Disabled
 NUMA Support: Disabled
 Compressed Oops: Enabled (32-bit)
 Alignments: Space 512K, Generation 512K, Heap 2M
 Heap Min Capacity: 100M
 Heap Initial Capacity: 100M
 Heap Max Capacity: 2G
 Pre-touch: Disabled
 Parallel Workers: 13

Heap:
 PSYoungGen      total 23040K, used 21257K [0x00000000d5580000, 0x00000000d7300000, 0x0000000100000000)
  eden space 22016K, 91% used [0x00000000d5580000,0x00000000d69461b8,0x00000000d6b00000)
  from space 1024K, 98% used [0x00000000d7180000,0x00000000d727c378,0x00000000d7280000)
  to   space 512K, 0% used [0x00000000d7280000,0x00000000d7280000,0x00000000d7300000)
 ParOldGen       total 68608K, used 34583K [0x0000000080000000, 0x0000000084300000, 0x00000000d5580000)
  object space 68608K, 50% used [0x0000000080000000,0x00000000821c5d90,0x0000000084300000)
 Metaspace       used 49671K, committed 51200K, reserved 1114112K
  class space    used 5364K, committed 6016K, reserved 1048576K

Card table byte_map: [0x000001aac3ac0000,0x000001aac3ed0000] _byte_map_base: 0x000001aac36c0000

Marking Bits: (ParMarkBitMap*) 0x00007ffc34244460
 Begin Bits: [0x000001aad65c0000, 0x000001aad85c0000)
 End Bits:   [0x000001aad85c0000, 0x000001aada5c0000)

Polling page: 0x000001aac2380000

Metaspace:

Usage:
  Non-class:     43.27 MB used.
      Class:      5.24 MB used.
       Both:     48.51 MB used.

Virtual space:
  Non-class space:       64.00 MB reserved,      44.12 MB ( 69%) committed,  1 nodes.
      Class space:        1.00 GB reserved,       5.88 MB ( <1%) committed,  1 nodes.
             Both:        1.06 GB reserved,      50.00 MB (  5%) committed. 

Chunk freelists:
   Non-Class:  3.33 MB
       Class:  9.97 MB
        Both:  13.30 MB

MaxMetaspaceSize: unlimited
CompressedClassSpaceSize: 1.00 GB
Initial GC threshold: 21.00 MB
Current GC threshold: 58.38 MB
CDS: on
 - commit_granule_bytes: 65536.
 - commit_granule_words: 8192.
 - virtual_space_node_default_size: 8388608.
 - enlarge_chunks_in_place: 1.
 - use_allocation_guard: 0.


Internal statistics:

num_allocs_failed_limit: 6.
num_arena_births: 1022.
num_arena_deaths: 14.
num_vsnodes_births: 2.
num_vsnodes_deaths: 0.
num_space_committed: 800.
num_space_uncommitted: 0.
num_chunks_returned_to_freelist: 20.
num_chunks_taken_from_freelist: 3317.
num_chunk_merges: 11.
num_chunk_splits: 2042.
num_chunks_enlarged: 1158.
num_inconsistent_stats: 0.

CodeHeap 'non-profiled nmethods': size=119168Kb used=4065Kb max_used=4065Kb free=115103Kb
 bounds [0x000001aaceeb0000, 0x000001aacf2b0000, 0x000001aad6310000]
CodeHeap 'profiled nmethods': size=119104Kb used=15647Kb max_used=15647Kb free=103457Kb
 bounds [0x000001aac7310000, 0x000001aac8260000, 0x000001aace760000]
CodeHeap 'non-nmethods': size=7488Kb used=3065Kb max_used=3173Kb free=4422Kb
 bounds [0x000001aace760000, 0x000001aaceae0000, 0x000001aaceeb0000]
CodeCache: size=245760Kb, used=22777Kb, max_used=22885Kb, free=222982Kb
 total_blobs=7987, nmethods=7310, adapters=580, full_count=0
Compilation: enabled, stopped_count=0, restarted_count=0

Compilation events (20 events):
Event: 15.512 Thread 0x000001aac41ce3c0 nmethod 7866 0x000001aac824cd10 code [0x000001aac824cf00, 0x000001aac824d3f0]
Event: 15.512 Thread 0x000001aac41caf30 7877       4       java.util.Spliterators$1Adapter::accept (11 bytes)
Event: 15.512 Thread 0x000001aadc087fa0 nmethod 7865 0x000001aac824d590 code [0x000001aac824d7c0, 0x000001aac824dec8]
Event: 15.512 Thread 0x000001aac41ce3c0 7869       3       jdk.internal.jimage.ImageReader$Directory::getChildren (8 bytes)
Event: 15.513 Thread 0x000001aadc087fa0 7873       3       jdk.internal.jrtfs.JrtFileAttributes::fileKey (9 bytes)
Event: 15.513 Thread 0x000001aac41ce3c0 nmethod 7869 0x000001aac824e190 code [0x000001aac824e340, 0x000001aac824e478]
Event: 15.513 Thread 0x000001aadc087fa0 nmethod 7873 0x000001aac824e510 code [0x000001aac824e6c0, 0x000001aac824e8a0]
Event: 15.513 Thread 0x000001aae6985260 7875  s    3       jdk.internal.jrtfs.JrtDirectoryStream::close (6 bytes)
Event: 15.513 Thread 0x000001aac41ce3c0 7870       3       jdk.internal.jrtfs.JrtFileSystem$$Lambda/0x000001aa815be900::<init> (15 bytes)
Event: 15.513 Thread 0x000001aadc087fa0 7871       3       jdk.internal.jrtfs.JrtFileSystem$$Lambda/0x000001aa815beb48::<init> (10 bytes)
Event: 15.513 Thread 0x000001aae6985260 nmethod 7875 0x000001aac824e990 code [0x000001aac824eb40, 0x000001aac824ed08]
Event: 15.513 Thread 0x000001aac41ce3c0 nmethod 7870 0x000001aac824ed90 code [0x000001aac824ef40, 0x000001aac824f0d8]
Event: 15.513 Thread 0x000001aadc087fa0 nmethod 7871 0x000001aac824f190 code [0x000001aac824f340, 0x000001aac824f4c8]
Event: 15.513 Thread 0x000001aae6985260 7872       3       jdk.internal.jrtfs.JrtDirectoryStream$1::<init> (10 bytes)
Event: 15.513 Thread 0x000001aac41ce3c0 7874       3       java.nio.file.SimpleFileVisitor::preVisitDirectory (14 bytes)
Event: 15.514 Thread 0x000001aae6985260 nmethod 7872 0x000001aac824f590 code [0x000001aac824f740, 0x000001aac824f8c8]
Event: 15.514 Thread 0x000001aae6983720 nmethod 7861 0x000001aacf2a5e90 code [0x000001aacf2a6040, 0x000001aacf2a6288]
Event: 15.514 Thread 0x000001aac41ce3c0 nmethod 7874 0x000001aac824f990 code [0x000001aac824fb60, 0x000001aac824ff18]
Event: 15.514 Thread 0x000001aae6983720 7876       4       java.util.stream.Sink$ChainedReference::cancellationRequested (10 bytes)
Event: 15.514 Thread 0x000001aac41caf30 nmethod 7877 0x000001aacf2a6490 code [0x000001aacf2a6620, 0x000001aacf2a66c8]

GC Heap History (20 events):
Event: 6.551 GC heap before
{Heap before GC invocations=14 (full 1):
 PSYoungGen      total 23552K, used 11666K [0x00000000d5580000, 0x00000000d7500000, 0x0000000100000000)
  eden space 22016K, 46% used [0x00000000d5580000,0x00000000d5f6c950,0x00000000d6b00000)
  from space 1536K, 97% used [0x00000000d7180000,0x00000000d72f8020,0x00000000d7300000)
  to   space 5120K, 0% used [0x00000000d6b00000,0x00000000d6b00000,0x00000000d7000000)
 ParOldGen       total 68608K, used 20863K [0x0000000080000000, 0x0000000084300000, 0x00000000d5580000)
  object space 68608K, 30% used [0x0000000080000000,0x000000008145fdb0,0x0000000084300000)
 Metaspace       used 34690K, committed 35840K, reserved 1114112K
  class space    used 3528K, committed 4032K, reserved 1048576K
}
Event: 6.554 GC heap after
{Heap after GC invocations=14 (full 1):
 PSYoungGen      total 23552K, used 1152K [0x00000000d5580000, 0x00000000d7200000, 0x0000000100000000)
  eden space 22016K, 0% used [0x00000000d5580000,0x00000000d5580000,0x00000000d6b00000)
  from space 1536K, 75% used [0x00000000d6b00000,0x00000000d6c20000,0x00000000d6c80000)
  to   space 2560K, 0% used [0x00000000d6f80000,0x00000000d6f80000,0x00000000d7200000)
 ParOldGen       total 68608K, used 22267K [0x0000000080000000, 0x0000000084300000, 0x00000000d5580000)
  object space 68608K, 32% used [0x0000000080000000,0x00000000815beef0,0x0000000084300000)
 Metaspace       used 34690K, committed 35840K, reserved 1114112K
  class space    used 3528K, committed 4032K, reserved 1048576K
}
Event: 6.554 GC heap before
{Heap before GC invocations=15 (full 2):
 PSYoungGen      total 23552K, used 1152K [0x00000000d5580000, 0x00000000d7200000, 0x0000000100000000)
  eden space 22016K, 0% used [0x00000000d5580000,0x00000000d5580000,0x00000000d6b00000)
  from space 1536K, 75% used [0x00000000d6b00000,0x00000000d6c20000,0x00000000d6c80000)
  to   space 2560K, 0% used [0x00000000d6f80000,0x00000000d6f80000,0x00000000d7200000)
 ParOldGen       total 68608K, used 22267K [0x0000000080000000, 0x0000000084300000, 0x00000000d5580000)
  object space 68608K, 32% used [0x0000000080000000,0x00000000815beef0,0x0000000084300000)
 Metaspace       used 34690K, committed 35840K, reserved 1114112K
  class space    used 3528K, committed 4032K, reserved 1048576K
}
Event: 6.585 GC heap after
{Heap after GC invocations=15 (full 2):
 PSYoungGen      total 23552K, used 0K [0x00000000d5580000, 0x00000000d7200000, 0x0000000100000000)
  eden space 22016K, 0% used [0x00000000d5580000,0x00000000d5580000,0x00000000d6b00000)
  from space 1536K, 0% used [0x00000000d6b00000,0x00000000d6b00000,0x00000000d6c80000)
  to   space 2560K, 0% used [0x00000000d6f80000,0x00000000d6f80000,0x00000000d7200000)
 ParOldGen       total 68608K, used 21517K [0x0000000080000000, 0x0000000084300000, 0x00000000d5580000)
  object space 68608K, 31% used [0x0000000080000000,0x0000000081503608,0x0000000084300000)
 Metaspace       used 34690K, committed 35840K, reserved 1114112K
  class space    used 3528K, committed 4032K, reserved 1048576K
}
Event: 6.894 GC heap before
{Heap before GC invocations=16 (full 2):
 PSYoungGen      total 23552K, used 22016K [0x00000000d5580000, 0x00000000d7200000, 0x0000000100000000)
  eden space 22016K, 100% used [0x00000000d5580000,0x00000000d6b00000,0x00000000d6b00000)
  from space 1536K, 0% used [0x00000000d6b00000,0x00000000d6b00000,0x00000000d6c80000)
  to   space 2560K, 0% used [0x00000000d6f80000,0x00000000d6f80000,0x00000000d7200000)
 ParOldGen       total 68608K, used 21517K [0x0000000080000000, 0x0000000084300000, 0x00000000d5580000)
  object space 68608K, 31% used [0x0000000080000000,0x0000000081503608,0x0000000084300000)
 Metaspace       used 36855K, committed 38144K, reserved 1114112K
  class space    used 3790K, committed 4352K, reserved 1048576K
}
Event: 6.896 GC heap after
{Heap after GC invocations=16 (full 2):
 PSYoungGen      total 24576K, used 2144K [0x00000000d5580000, 0x00000000d7200000, 0x0000000100000000)
  eden space 22016K, 0% used [0x00000000d5580000,0x00000000d5580000,0x00000000d6b00000)
  from space 2560K, 83% used [0x00000000d6f80000,0x00000000d7198000,0x00000000d7200000)
  to   space 2560K, 0% used [0x00000000d6d00000,0x00000000d6d00000,0x00000000d6f80000)
 ParOldGen       total 68608K, used 21525K [0x0000000080000000, 0x0000000084300000, 0x00000000d5580000)
  object space 68608K, 31% used [0x0000000080000000,0x0000000081505608,0x0000000084300000)
 Metaspace       used 36855K, committed 38144K, reserved 1114112K
  class space    used 3790K, committed 4352K, reserved 1048576K
}
Event: 7.160 GC heap before
{Heap before GC invocations=17 (full 2):
 PSYoungGen      total 24576K, used 24160K [0x00000000d5580000, 0x00000000d7200000, 0x0000000100000000)
  eden space 22016K, 100% used [0x00000000d5580000,0x00000000d6b00000,0x00000000d6b00000)
  from space 2560K, 83% used [0x00000000d6f80000,0x00000000d7198000,0x00000000d7200000)
  to   space 2560K, 0% used [0x00000000d6d00000,0x00000000d6d00000,0x00000000d6f80000)
 ParOldGen       total 68608K, used 21525K [0x0000000080000000, 0x0000000084300000, 0x00000000d5580000)
  object space 68608K, 31% used [0x0000000080000000,0x0000000081505608,0x0000000084300000)
 Metaspace       used 38086K, committed 39424K, reserved 1114112K
  class space    used 3965K, committed 4544K, reserved 1048576K
}
Event: 7.164 GC heap after
{Heap after GC invocations=17 (full 2):
 PSYoungGen      total 24576K, used 2551K [0x00000000d5580000, 0x00000000d7f00000, 0x0000000100000000)
  eden space 22016K, 0% used [0x00000000d5580000,0x00000000d5580000,0x00000000d6b00000)
  from space 2560K, 99% used [0x00000000d6d00000,0x00000000d6f7dde8,0x00000000d6f80000)
  to   space 10240K, 0% used [0x00000000d7500000,0x00000000d7500000,0x00000000d7f00000)
 ParOldGen       total 68608K, used 27827K [0x0000000080000000, 0x0000000084300000, 0x00000000d5580000)
  object space 68608K, 40% used [0x0000000080000000,0x0000000081b2cee0,0x0000000084300000)
 Metaspace       used 38086K, committed 39424K, reserved 1114112K
  class space    used 3965K, committed 4544K, reserved 1048576K
}
Event: 7.435 GC heap before
{Heap before GC invocations=18 (full 2):
 PSYoungGen      total 24576K, used 24567K [0x00000000d5580000, 0x00000000d7f00000, 0x0000000100000000)
  eden space 22016K, 100% used [0x00000000d5580000,0x00000000d6b00000,0x00000000d6b00000)
  from space 2560K, 99% used [0x00000000d6d00000,0x00000000d6f7dde8,0x00000000d6f80000)
  to   space 10240K, 0% used [0x00000000d7500000,0x00000000d7500000,0x00000000d7f00000)
 ParOldGen       total 68608K, used 27827K [0x0000000080000000, 0x0000000084300000, 0x00000000d5580000)
  object space 68608K, 40% used [0x0000000080000000,0x0000000081b2cee0,0x0000000084300000)
 Metaspace       used 39316K, committed 40576K, reserved 1114112K
  class space    used 4132K, committed 4672K, reserved 1048576K
}
Event: 7.437 GC heap after
{Heap after GC invocations=18 (full 2):
 PSYoungGen      total 23040K, used 640K [0x00000000d5580000, 0x00000000d7600000, 0x0000000100000000)
  eden space 22016K, 0% used [0x00000000d5580000,0x00000000d5580000,0x00000000d6b00000)
  from space 1024K, 62% used [0x00000000d7500000,0x00000000d75a0000,0x00000000d7600000)
  to   space 4096K, 0% used [0x00000000d6e00000,0x00000000d6e00000,0x00000000d7200000)
 ParOldGen       total 68608K, used 30381K [0x0000000080000000, 0x0000000084300000, 0x00000000d5580000)
  object space 68608K, 44% used [0x0000000080000000,0x0000000081dab4e0,0x0000000084300000)
 Metaspace       used 39316K, committed 40576K, reserved 1114112K
  class space    used 4132K, committed 4672K, reserved 1048576K
}
Event: 7.735 GC heap before
{Heap before GC invocations=19 (full 2):
 PSYoungGen      total 23040K, used 22656K [0x00000000d5580000, 0x00000000d7600000, 0x0000000100000000)
  eden space 22016K, 100% used [0x00000000d5580000,0x00000000d6b00000,0x00000000d6b00000)
  from space 1024K, 62% used [0x00000000d7500000,0x00000000d75a0000,0x00000000d7600000)
  to   space 4096K, 0% used [0x00000000d6e00000,0x00000000d6e00000,0x00000000d7200000)
 ParOldGen       total 68608K, used 30381K [0x0000000080000000, 0x0000000084300000, 0x00000000d5580000)
  object space 68608K, 44% used [0x0000000080000000,0x0000000081dab4e0,0x0000000084300000)
 Metaspace       used 41623K, committed 42880K, reserved 1114112K
  class space    used 4427K, committed 4992K, reserved 1048576K
}
Event: 7.737 GC heap after
{Heap after GC invocations=19 (full 2):
 PSYoungGen      total 26112K, used 960K [0x00000000d5580000, 0x00000000d7580000, 0x0000000100000000)
  eden space 22016K, 0% used [0x00000000d5580000,0x00000000d5580000,0x00000000d6b00000)
  from space 4096K, 23% used [0x00000000d6e00000,0x00000000d6ef0000,0x00000000d7200000)
  to   space 1536K, 0% used [0x00000000d7400000,0x00000000d7400000,0x00000000d7580000)
 ParOldGen       total 68608K, used 30813K [0x0000000080000000, 0x0000000084300000, 0x00000000d5580000)
  object space 68608K, 44% used [0x0000000080000000,0x0000000081e174e0,0x0000000084300000)
 Metaspace       used 41623K, committed 42880K, reserved 1114112K
  class space    used 4427K, committed 4992K, reserved 1048576K
}
Event: 8.129 GC heap before
{Heap before GC invocations=20 (full 2):
 PSYoungGen      total 26112K, used 22976K [0x00000000d5580000, 0x00000000d7580000, 0x0000000100000000)
  eden space 22016K, 100% used [0x00000000d5580000,0x00000000d6b00000,0x00000000d6b00000)
  from space 4096K, 23% used [0x00000000d6e00000,0x00000000d6ef0000,0x00000000d7200000)
  to   space 1536K, 0% used [0x00000000d7400000,0x00000000d7400000,0x00000000d7580000)
 ParOldGen       total 68608K, used 30813K [0x0000000080000000, 0x0000000084300000, 0x00000000d5580000)
  object space 68608K, 44% used [0x0000000080000000,0x0000000081e174e0,0x0000000084300000)
 Metaspace       used 44260K, committed 45568K, reserved 1114112K
  class space    used 4785K, committed 5376K, reserved 1048576K
}
Event: 8.131 GC heap after
{Heap after GC invocations=20 (full 2):
 PSYoungGen      total 23552K, used 1536K [0x00000000d5580000, 0x00000000d7580000, 0x0000000100000000)
  eden space 22016K, 0% used [0x00000000d5580000,0x00000000d5580000,0x00000000d6b00000)
  from space 1536K, 100% used [0x00000000d7400000,0x00000000d7580000,0x00000000d7580000)
  to   space 2560K, 0% used [0x00000000d7080000,0x00000000d7080000,0x00000000d7300000)
 ParOldGen       total 68608K, used 31541K [0x0000000080000000, 0x0000000084300000, 0x00000000d5580000)
  object space 68608K, 45% used [0x0000000080000000,0x0000000081ecd4e0,0x0000000084300000)
 Metaspace       used 44260K, committed 45568K, reserved 1114112K
  class space    used 4785K, committed 5376K, reserved 1048576K
}
Event: 10.706 GC heap before
{Heap before GC invocations=21 (full 2):
 PSYoungGen      total 23552K, used 23552K [0x00000000d5580000, 0x00000000d7580000, 0x0000000100000000)
  eden space 22016K, 100% used [0x00000000d5580000,0x00000000d6b00000,0x00000000d6b00000)
  from space 1536K, 100% used [0x00000000d7400000,0x00000000d7580000,0x00000000d7580000)
  to   space 2560K, 0% used [0x00000000d7080000,0x00000000d7080000,0x00000000d7300000)
 ParOldGen       total 68608K, used 31541K [0x0000000080000000, 0x0000000084300000, 0x00000000d5580000)
  object space 68608K, 45% used [0x0000000080000000,0x0000000081ecd4e0,0x0000000084300000)
 Metaspace       used 46619K, committed 47872K, reserved 1114112K
  class space    used 5067K, committed 5632K, reserved 1048576K
}
Event: 10.711 GC heap after
{Heap after GC invocations=21 (full 2):
 PSYoungGen      total 24064K, used 1627K [0x00000000d5580000, 0x00000000d7480000, 0x0000000100000000)
  eden space 22016K, 0% used [0x00000000d5580000,0x00000000d5580000,0x00000000d6b00000)
  from space 2048K, 79% used [0x00000000d7080000,0x00000000d7216ea8,0x00000000d7280000)
  to   space 2048K, 0% used [0x00000000d7280000,0x00000000d7280000,0x00000000d7480000)
 ParOldGen       total 68608K, used 32909K [0x0000000080000000, 0x0000000084300000, 0x00000000d5580000)
  object space 68608K, 47% used [0x0000000080000000,0x0000000082023500,0x0000000084300000)
 Metaspace       used 46619K, committed 47872K, reserved 1114112K
  class space    used 5067K, committed 5632K, reserved 1048576K
}
Event: 11.680 GC heap before
{Heap before GC invocations=22 (full 2):
 PSYoungGen      total 24064K, used 23643K [0x00000000d5580000, 0x00000000d7480000, 0x0000000100000000)
  eden space 22016K, 100% used [0x00000000d5580000,0x00000000d6b00000,0x00000000d6b00000)
  from space 2048K, 79% used [0x00000000d7080000,0x00000000d7216ea8,0x00000000d7280000)
  to   space 2048K, 0% used [0x00000000d7280000,0x00000000d7280000,0x00000000d7480000)
 ParOldGen       total 68608K, used 32909K [0x0000000080000000, 0x0000000084300000, 0x00000000d5580000)
  object space 68608K, 47% used [0x0000000080000000,0x0000000082023500,0x0000000084300000)
 Metaspace       used 47406K, committed 48704K, reserved 1114112K
  class space    used 5145K, committed 5696K, reserved 1048576K
}
Event: 11.684 GC heap after
{Heap after GC invocations=22 (full 2):
 PSYoungGen      total 23040K, used 592K [0x00000000d5580000, 0x00000000d7380000, 0x0000000100000000)
  eden space 22016K, 0% used [0x00000000d5580000,0x00000000d5580000,0x00000000d6b00000)
  from space 1024K, 57% used [0x00000000d7280000,0x00000000d7314010,0x00000000d7380000)
  to   space 1024K, 0% used [0x00000000d7180000,0x00000000d7180000,0x00000000d7280000)
 ParOldGen       total 68608K, used 34241K [0x0000000080000000, 0x0000000084300000, 0x00000000d5580000)
  object space 68608K, 49% used [0x0000000080000000,0x00000000821705c8,0x0000000084300000)
 Metaspace       used 47406K, committed 48704K, reserved 1114112K
  class space    used 5145K, committed 5696K, reserved 1048576K
}
Event: 12.088 GC heap before
{Heap before GC invocations=23 (full 2):
 PSYoungGen      total 23040K, used 22608K [0x00000000d5580000, 0x00000000d7380000, 0x0000000100000000)
  eden space 22016K, 99% used [0x00000000d5580000,0x00000000d6affff0,0x00000000d6b00000)
  from space 1024K, 57% used [0x00000000d7280000,0x00000000d7314010,0x00000000d7380000)
  to   space 1024K, 0% used [0x00000000d7180000,0x00000000d7180000,0x00000000d7280000)
 ParOldGen       total 68608K, used 34241K [0x0000000080000000, 0x0000000084300000, 0x00000000d5580000)
  object space 68608K, 49% used [0x0000000080000000,0x00000000821705c8,0x0000000084300000)
 Metaspace       used 47958K, committed 49344K, reserved 1114112K
  class space    used 5211K, committed 5824K, reserved 1048576K
}
Event: 12.089 GC heap after
{Heap after GC invocations=23 (full 2):
 PSYoungGen      total 23040K, used 1008K [0x00000000d5580000, 0x00000000d7300000, 0x0000000100000000)
  eden space 22016K, 0% used [0x00000000d5580000,0x00000000d5580000,0x00000000d6b00000)
  from space 1024K, 98% used [0x00000000d7180000,0x00000000d727c378,0x00000000d7280000)
  to   space 512K, 0% used [0x00000000d7280000,0x00000000d7280000,0x00000000d7300000)
 ParOldGen       total 68608K, used 34583K [0x0000000080000000, 0x0000000084300000, 0x00000000d5580000)
  object space 68608K, 50% used [0x0000000080000000,0x00000000821c5d90,0x0000000084300000)
 Metaspace       used 47958K, committed 49344K, reserved 1114112K
  class space    used 5211K, committed 5824K, reserved 1048576K
}

Dll operation events (10 events):
Event: 0.013 Loaded shared library c:\Users\Lyn Sue\.vscode\extensions\redhat.java-1.55.0-win32-x64\jre\21.0.11-win32-x86_64\bin\java.dll
Event: 0.087 Loaded shared library c:\Users\Lyn Sue\.vscode\extensions\redhat.java-1.55.0-win32-x64\jre\21.0.11-win32-x86_64\bin\zip.dll
Event: 0.115 Loaded shared library C:\Users\Lyn Sue\.vscode\extensions\redhat.java-1.55.0-win32-x64\jre\21.0.11-win32-x86_64\bin\instrument.dll
Event: 0.123 Loaded shared library C:\Users\Lyn Sue\.vscode\extensions\redhat.java-1.55.0-win32-x64\jre\21.0.11-win32-x86_64\bin\net.dll
Event: 0.127 Loaded shared library C:\Users\Lyn Sue\.vscode\extensions\redhat.java-1.55.0-win32-x64\jre\21.0.11-win32-x86_64\bin\nio.dll
Event: 0.132 Loaded shared library C:\Users\Lyn Sue\.vscode\extensions\redhat.java-1.55.0-win32-x64\jre\21.0.11-win32-x86_64\bin\zip.dll
Event: 0.149 Loaded shared library C:\Users\Lyn Sue\.vscode\extensions\redhat.java-1.55.0-win32-x64\jre\21.0.11-win32-x86_64\bin\jimage.dll
Event: 0.236 Loaded shared library c:\Users\Lyn Sue\.vscode\extensions\redhat.java-1.55.0-win32-x64\jre\21.0.11-win32-x86_64\bin\verify.dll
Event: 1.514 Loaded shared library C:\Users\Lyn Sue\AppData\Roaming\Code\User\globalStorage\redhat.java\1.55.0\config_win\org.eclipse.equinox.launcher\org.eclipse.equinox.launcher.win32.win32.x86_64_1.3.100.v20260613-0559\eclipse_11924.dll
Event: 4.805 Loaded shared library C:\Users\Lyn Sue\AppData\Local\Temp\jna--1997412892\jna6368012161477212587.dll

Deoptimization events (20 events):
Event: 15.365 Thread 0x000001aae5e0b210 DEOPT PACKING pc=0x000001aacf1063ac sp=0x000000532a1fd5d0
Event: 15.365 Thread 0x000001aae5e0b210 DEOPT UNPACKING pc=0x000001aace7b3aa2 sp=0x000000532a1fd410 mode 2
Event: 15.369 Thread 0x000001aae5e0b210 Uncommon trap: trap_request=0xffffffde fr.pc=0x000001aacf272dd0 relative=0x0000000000001a90
Event: 15.369 Thread 0x000001aae5e0b210 Uncommon trap: reason=class_check action=maybe_recompile pc=0x000001aacf272dd0 method=java.util.stream.SortedOps$SizedRefSortingSink.end()V @ 25 c2
Event: 15.369 Thread 0x000001aae5e0b210 DEOPT PACKING pc=0x000001aacf272dd0 sp=0x000000532a1fe190
Event: 15.369 Thread 0x000001aae5e0b210 DEOPT UNPACKING pc=0x000001aace7b3aa2 sp=0x000000532a1fe1a0 mode 2
Event: 15.374 Thread 0x000001aae5e0b8a0 Uncommon trap: trap_request=0xffffffde fr.pc=0x000001aacf272dd0 relative=0x0000000000001a90
Event: 15.374 Thread 0x000001aae5e0b8a0 Uncommon trap: reason=class_check action=maybe_recompile pc=0x000001aacf272dd0 method=java.util.stream.SortedOps$SizedRefSortingSink.end()V @ 25 c2
Event: 15.374 Thread 0x000001aae5e0b8a0 DEOPT PACKING pc=0x000001aacf272dd0 sp=0x000000532a2fe4f0
Event: 15.374 Thread 0x000001aae5e0b8a0 DEOPT UNPACKING pc=0x000001aace7b3aa2 sp=0x000000532a2fe500 mode 2
Event: 15.393 Thread 0x000001aae2e54f90 DEOPT PACKING pc=0x000001aac7dd54c6 sp=0x000000532a6fc2f0
Event: 15.393 Thread 0x000001aae2e54f90 DEOPT UNPACKING pc=0x000001aace7b4242 sp=0x000000532a6fb870 mode 0
Event: 15.395 Thread 0x000001aae2e54f90 Uncommon trap: trap_request=0xffffff45 fr.pc=0x000001aacf235e64 relative=0x0000000000000284
Event: 15.395 Thread 0x000001aae2e54f90 Uncommon trap: reason=unstable_if action=reinterpret pc=0x000001aacf235e64 method=sun.nio.fs.WindowsPath.compareTo(Ljava/nio/file/Path;)I @ 76 c2
Event: 15.395 Thread 0x000001aae2e54f90 DEOPT PACKING pc=0x000001aacf235e64 sp=0x000000532a6fca00
Event: 15.395 Thread 0x000001aae2e54f90 DEOPT UNPACKING pc=0x000001aace7b3aa2 sp=0x000000532a6fc968 mode 2
Event: 15.418 Thread 0x000001aae2e54f90 Uncommon trap: trap_request=0xffffff45 fr.pc=0x000001aacf2525a8 relative=0x0000000000000928
Event: 15.418 Thread 0x000001aae2e54f90 Uncommon trap: reason=unstable_if action=reinterpret pc=0x000001aacf2525a8 method=sun.nio.fs.WindowsNativeDispatcher.asNativeBuffer(Ljava/lang/String;)Lsun/nio/fs/NativeBuffer; @ 52 c2
Event: 15.418 Thread 0x000001aae2e54f90 DEOPT PACKING pc=0x000001aacf2525a8 sp=0x000000532a6fd7a0
Event: 15.418 Thread 0x000001aae2e54f90 DEOPT UNPACKING pc=0x000001aace7b3aa2 sp=0x000000532a6fd6f8 mode 2

Classes loaded (20 events):
Event: 15.422 Loading class sun/nio/ch/FileChannelImpl$DefaultUnmapper
Event: 15.422 Loading class sun/nio/ch/FileChannelImpl$Unmapper
Event: 15.422 Loading class jdk/internal/access/foreign/UnmapperProxy
Event: 15.423 Loading class jdk/internal/access/foreign/UnmapperProxy done
Event: 15.423 Loading class sun/nio/ch/FileChannelImpl$Unmapper done
Event: 15.423 Loading class sun/nio/ch/FileChannelImpl$DefaultUnmapper done
Event: 15.423 Loading class sun/nio/ch/Util$4
Event: 15.423 Loading class sun/nio/ch/Util$4 done
Event: 15.435 Loading class java/nio/file/ClosedDirectoryStreamException
Event: 15.435 Loading class java/nio/file/ClosedDirectoryStreamException done
Event: 15.435 Loading class jdk/internal/jrtfs/JrtFileSystem
Event: 15.436 Loading class jdk/internal/jrtfs/JrtFileSystem done
Event: 15.436 Loading class jdk/internal/jrtfs/JrtPath
Event: 15.437 Loading class jdk/internal/jrtfs/JrtPath done
Event: 15.437 Loading class jdk/internal/jimage/ImageReader$Node
Event: 15.437 Loading class jdk/internal/jimage/ImageReader$Node done
Event: 15.445 Loading class java/nio/ByteBufferAsIntBufferL
Event: 15.446 Loading class java/nio/ByteBufferAsIntBufferL done
Event: 15.453 Loading class jdk/internal/jimage/ImageReader$Directory
Event: 15.454 Loading class jdk/internal/jimage/ImageReader$Directory done

Classes unloaded (7 events):
Event: 5.255 Thread 0x000001aadaba1d50 Unloading class 0x000001aa811a3800 'java/lang/invoke/LambdaForm$MH+0x000001aa811a3800'
Event: 5.255 Thread 0x000001aadaba1d50 Unloading class 0x000001aa811a3400 'java/lang/invoke/LambdaForm$MH+0x000001aa811a3400'
Event: 5.255 Thread 0x000001aadaba1d50 Unloading class 0x000001aa811a3000 'java/lang/invoke/LambdaForm$MH+0x000001aa811a3000'
Event: 5.255 Thread 0x000001aadaba1d50 Unloading class 0x000001aa811a2c00 'java/lang/invoke/LambdaForm$MH+0x000001aa811a2c00'
Event: 5.255 Thread 0x000001aadaba1d50 Unloading class 0x000001aa811a2800 'java/lang/invoke/LambdaForm$BMH+0x000001aa811a2800'
Event: 5.255 Thread 0x000001aadaba1d50 Unloading class 0x000001aa811a2400 'java/lang/invoke/LambdaForm$DMH+0x000001aa811a2400'
Event: 5.255 Thread 0x000001aadaba1d50 Unloading class 0x000001aa811a1000 'java/lang/invoke/LambdaForm$DMH+0x000001aa811a1000'

Classes redefined (0 events):
No events

Internal exceptions (20 events):
Event: 12.203 Thread 0x000001aae38a4ed0 Exception <a 'sun/nio/fs/WindowsException'{0x00000000d5701e28}> (0x00000000d5701e28) 
thrown [s\src\hotspot\share\prims\jni.cpp, line 520]
Event: 12.203 Thread 0x000001aae38a4ed0 Exception <a 'sun/nio/fs/WindowsException'{0x00000000d5702718}> (0x00000000d5702718) 
thrown [s\src\hotspot\share\prims\jni.cpp, line 520]
Event: 12.203 Thread 0x000001aae38a4ed0 Exception <a 'sun/nio/fs/WindowsException'{0x00000000d5703988}> (0x00000000d5703988) 
thrown [s\src\hotspot\share\prims\jni.cpp, line 520]
Event: 12.203 Thread 0x000001aae38a4ed0 Exception <a 'sun/nio/fs/WindowsException'{0x00000000d5704278}> (0x00000000d5704278) 
thrown [s\src\hotspot\share\prims\jni.cpp, line 520]
Event: 12.204 Thread 0x000001aae38a4ed0 Exception <a 'sun/nio/fs/WindowsException'{0x00000000d57056d0}> (0x00000000d57056d0) 
thrown [s\src\hotspot\share\prims\jni.cpp, line 520]
Event: 12.204 Thread 0x000001aae38a4ed0 Exception <a 'sun/nio/fs/WindowsException'{0x00000000d5705fa0}> (0x00000000d5705fa0) 
thrown [s\src\hotspot\share\prims\jni.cpp, line 520]
Event: 12.204 Thread 0x000001aae38a4ed0 Exception <a 'sun/nio/fs/WindowsException'{0x00000000d57071b8}> (0x00000000d57071b8) 
thrown [s\src\hotspot\share\prims\jni.cpp, line 520]
Event: 12.204 Thread 0x000001aae38a4ed0 Exception <a 'sun/nio/fs/WindowsException'{0x00000000d5707a88}> (0x00000000d5707a88) 
thrown [s\src\hotspot\share\prims\jni.cpp, line 520]
Event: 12.396 Thread 0x000001aae38a4ed0 Exception <a 'java/lang/IncompatibleClassChangeError'{0x00000000d572c390}: Found class java.lang.Object, but interface was expected> (0x00000000d572c390) 
thrown [s\src\hotspot\share\interpreter\linkResolver.cpp, line 840]
Event: 14.308 Thread 0x000001aae38a4ed0 Exception <a 'java/lang/IncompatibleClassChangeError'{0x00000000d580db10}: Found class java.lang.Object, but interface was expected> (0x00000000d580db10) 
thrown [s\src\hotspot\share\interpreter\linkResolver.cpp, line 840]
Event: 15.291 Thread 0x000001aae5e04910 Implicit null exception at 0x000001aacefbd804 to 0x000001aacefbe550
Event: 15.304 Thread 0x000001aae2e54f90 Exception <a 'java/io/FileNotFoundException'{0x00000000d5e4af70}> (0x00000000d5e4af70) 
thrown [s\src\hotspot\share\prims\jni.cpp, line 520]
Event: 15.304 Thread 0x000001aae2e54f90 Exception <a 'java/io/FileNotFoundException'{0x00000000d5e4c488}> (0x00000000d5e4c488) 
thrown [s\src\hotspot\share\prims\jni.cpp, line 520]
Event: 15.305 Thread 0x000001aae2e54f90 Exception <a 'java/io/FileNotFoundException'{0x00000000d5e4d4a0}> (0x00000000d5e4d4a0) 
thrown [s\src\hotspot\share\prims\jni.cpp, line 520]
Event: 15.340 Thread 0x000001aae5e0b210 Exception <a 'java/lang/NoSuchMethodError'{0x00000000d5f3e140}: 'java.lang.Object java.lang.invoke.DirectMethodHandle$Holder.invokeStaticInit(java.lang.Object, java.lang.Object, java.lang.Object)'> (0x00000000d5f3e140) 
thrown [s\src\hotspot\share\interpreter\linkResolver.cpp, line 773]
Event: 15.355 Thread 0x000001aae2e54f90 Exception <a 'sun/nio/fs/WindowsException'{0x00000000d60d3490}> (0x00000000d60d3490) 
thrown [s\src\hotspot\share\prims\jni.cpp, line 520]
Event: 15.355 Thread 0x000001aae2e54f90 Exception <a 'sun/nio/fs/WindowsException'{0x00000000d60d3d60}> (0x00000000d60d3d60) 
thrown [s\src\hotspot\share\prims\jni.cpp, line 520]
Event: 15.356 Thread 0x000001aae2e54f90 Exception <a 'sun/nio/fs/WindowsException'{0x00000000d60d5070}> (0x00000000d60d5070) 
thrown [s\src\hotspot\share\prims\jni.cpp, line 520]
Event: 15.356 Thread 0x000001aae2e54f90 Exception <a 'sun/nio/fs/WindowsException'{0x00000000d60d5940}> (0x00000000d60d5940) 
thrown [s\src\hotspot\share\prims\jni.cpp, line 520]
Event: 15.426 Thread 0x000001aae2e54f90 Exception <a 'java/lang/NoSuchMethodError'{0x00000000d6334230}: 'java.lang.Object java.lang.invoke.DelegatingMethodHandle$Holder.reinvoke_L(java.lang.Object, int, long, java.lang.Object, java.lang.Object, int, java.lang.Object)'> (0x00000000d6334230) 
thrown [s\src\hotspot\share\interpreter\linkResolver.cpp, line 773]

ZGC Phase Switch (0 events):
No events

VM Operations (20 events):
Event: 13.090 Executing safepoint VM operation: Cleanup
Event: 13.090 Executing safepoint VM operation: Cleanup done
Event: 15.091 Executing safepoint VM operation: Cleanup
Event: 15.091 Executing safepoint VM operation: Cleanup done
Event: 15.384 Executing non-safepoint VM operation: HandshakeAllThreads (Deoptimize)
Event: 15.384 Executing non-safepoint VM operation: HandshakeAllThreads (Deoptimize) done
Event: 15.387 Executing non-safepoint VM operation: HandshakeAllThreads (Deoptimize)
Event: 15.387 Executing non-safepoint VM operation: HandshakeAllThreads (Deoptimize) done
Event: 15.401 Executing non-safepoint VM operation: HandshakeAllThreads (Deoptimize)
Event: 15.401 Executing non-safepoint VM operation: HandshakeAllThreads (Deoptimize) done
Event: 15.405 Executing non-safepoint VM operation: HandshakeAllThreads (Deoptimize)
Event: 15.405 Executing non-safepoint VM operation: HandshakeAllThreads (Deoptimize) done
Event: 15.434 Executing non-safepoint VM operation: HandshakeAllThreads (Deoptimize)
Event: 15.434 Executing non-safepoint VM operation: HandshakeAllThreads (Deoptimize) done
Event: 15.448 Executing non-safepoint VM operation: HandshakeAllThreads (Deoptimize)
Event: 15.448 Executing non-safepoint VM operation: HandshakeAllThreads (Deoptimize) done
Event: 15.450 Executing non-safepoint VM operation: HandshakeAllThreads (Deoptimize)
Event: 15.450 Executing non-safepoint VM operation: HandshakeAllThreads (Deoptimize) done
Event: 15.489 Executing non-safepoint VM operation: HandshakeAllThreads (Deoptimize)
Event: 15.489 Executing non-safepoint VM operation: HandshakeAllThreads (Deoptimize) done

Memory protections (0 events):
No events

Nmethod flushes (20 events):
Event: 6.571 Thread 0x000001aadaba1d50 flushing  nmethod 0x000001aac79fd190
Event: 6.571 Thread 0x000001aadaba1d50 flushing  nmethod 0x000001aac79fd590
Event: 6.571 Thread 0x000001aadaba1d50 flushing  nmethod 0x000001aac79fde90
Event: 6.571 Thread 0x000001aadaba1d50 flushing  nmethod 0x000001aac79ff090
Event: 6.571 Thread 0x000001aadaba1d50 flushing  nmethod 0x000001aac79ff890
Event: 6.571 Thread 0x000001aadaba1d50 flushing  nmethod 0x000001aac7a00990
Event: 6.571 Thread 0x000001aadaba1d50 flushing  nmethod 0x000001aac7a01a90
Event: 6.571 Thread 0x000001aadaba1d50 flushing  nmethod 0x000001aac7a01f90
Event: 6.571 Thread 0x000001aadaba1d50 flushing  nmethod 0x000001aac7a02390
Event: 6.571 Thread 0x000001aadaba1d50 flushing  nmethod 0x000001aac7a02c10
Event: 6.571 Thread 0x000001aadaba1d50 flushing  nmethod 0x000001aac7a03790
Event: 6.571 Thread 0x000001aadaba1d50 flushing  nmethod 0x000001aac7a05210
Event: 6.571 Thread 0x000001aadaba1d50 flushing  nmethod 0x000001aac7a07b90
Event: 6.571 Thread 0x000001aadaba1d50 flushing  nmethod 0x000001aac7a4f890
Event: 6.571 Thread 0x000001aadaba1d50 flushing  nmethod 0x000001aac7a55d90
Event: 6.571 Thread 0x000001aadaba1d50 flushing  nmethod 0x000001aac7a77310
Event: 6.571 Thread 0x000001aadaba1d50 flushing  nmethod 0x000001aac7af1a90
Event: 6.571 Thread 0x000001aadaba1d50 flushing  nmethod 0x000001aac7b32090
Event: 6.571 Thread 0x000001aadaba1d50 flushing  nmethod 0x000001aac7b5c110
Event: 6.571 Thread 0x000001aadaba1d50 flushing  nmethod 0x000001aac7b5c590

Events (20 events):
Event: 10.405 Thread 0x000001aae4099fc0 Thread exited: 0x000001aae4099fc0
Event: 10.405 Thread 0x000001aae3d4a870 Thread exited: 0x000001aae3d4a870
Event: 10.405 Thread 0x000001aae351ff00 Thread exited: 0x000001aae351ff00
Event: 10.406 Thread 0x000001aae421f930 Thread exited: 0x000001aae421f930
Event: 10.807 Thread 0x000001aae2e51b10 Thread added: 0x000001aae5e09e60
Event: 11.663 Thread 0x000001aae33dcc30 Thread exited: 0x000001aae33dcc30
Event: 11.698 Thread 0x000001aadc232b50 Thread added: 0x000001aae6982980
Event: 11.759 Thread 0x000001aadc087fa0 Thread added: 0x000001aae6983050
Event: 11.944 Thread 0x000001aae6983050 Thread exited: 0x000001aae6983050
Event: 12.009 Thread 0x000001aae6982980 Thread exited: 0x000001aae6982980
Event: 12.009 Thread 0x000001aae3601710 Thread exited: 0x000001aae3601710
Event: 12.011 Thread 0x000001aae5e09e60 Thread exited: 0x000001aae5e09e60
Event: 12.398 Thread 0x000001aae38a4ed0 Thread added: 0x000001aae5e0a4f0
Event: 12.743 Thread 0x000001aadc232b50 Thread exited: 0x000001aadc232b50
Event: 15.271 Thread 0x000001aac41caf30 Thread added: 0x000001aae6983720
Event: 15.282 Thread 0x000001aac41ce3c0 Thread added: 0x000001aae6984b90
Event: 15.282 Thread 0x000001aac41ce3c0 Thread added: 0x000001aae6985260
Event: 15.328 Thread 0x000001aae38a4ed0 Thread added: 0x000001aae5e0b210
Event: 15.341 Thread 0x000001aae38a4ed0 Thread added: 0x000001aae5e0b8a0
Event: 15.489 Thread 0x000001aae6983720 Thread added: 0x000001aae6985930


Dynamic libraries:
0x00007ff71a8e0000 - 0x00007ff71a8ee000 	c:\Users\Lyn Sue\.vscode\extensions\redhat.java-1.55.0-win32-x64\jre\21.0.11-win32-x86_64\bin\java.exe
0x00007ffcdc9a0000 - 0x00007ffcdcc06000 	C:\Windows\SYSTEM32\ntdll.dll
0x00007ffcdb060000 - 0x00007ffcdb129000 	C:\Windows\System32\KERNEL32.DLL
0x00007ffcda230000 - 0x00007ffcda62f000 	C:\Windows\System32\KERNELBASE.dll
0x00007ffcd9df0000 - 0x00007ffcd9f3c000 	C:\Windows\System32\ucrtbase.dll
0x00007ffcbcaa0000 - 0x00007ffcbcabe000 	c:\Users\Lyn Sue\.vscode\extensions\redhat.java-1.55.0-win32-x64\jre\21.0.11-win32-x86_64\bin\VCRUNTIME140.dll
0x00007ffcad890000 - 0x00007ffcad8a8000 	c:\Users\Lyn Sue\.vscode\extensions\redhat.java-1.55.0-win32-x64\jre\21.0.11-win32-x86_64\bin\jli.dll
0x00007ffcdb2c0000 - 0x00007ffcdb486000 	C:\Windows\System32\USER32.dll
0x00007ffcc4710000 - 0x00007ffcc49a1000 	C:\Windows\WinSxS\amd64_microsoft.windows.common-controls_6595b64144ccf1df_6.0.26100.8972_none_3e0da176e32f9d4b\COMCTL32.dll
0x00007ffcd9f50000 - 0x00007ffcd9f77000 	C:\Windows\System32\win32u.dll
0x00007ffcdc6b0000 - 0x00007ffcdc759000 	C:\Windows\System32\msvcrt.dll
0x00007ffcdb160000 - 0x00007ffcdb18b000 	C:\Windows\System32\GDI32.dll
0x00007ffcda040000 - 0x00007ffcda169000 	C:\Windows\System32\gdi32full.dll
0x00007ffcd9d40000 - 0x00007ffcd9de3000 	C:\Windows\System32\msvcp_win.dll
0x00007ffcda890000 - 0x00007ffcda8c2000 	C:\Windows\System32\IMM32.DLL
0x00007ffcc55d0000 - 0x00007ffcc55dc000 	c:\Users\Lyn Sue\.vscode\extensions\redhat.java-1.55.0-win32-x64\jre\21.0.11-win32-x86_64\bin\vcruntime140_1.dll
0x00007ffc6f090000 - 0x00007ffc6f11d000 	c:\Users\Lyn Sue\.vscode\extensions\redhat.java-1.55.0-win32-x64\jre\21.0.11-win32-x86_64\bin\msvcp140.dll
0x00007ffc33580000 - 0x00007ffc34322000 	c:\Users\Lyn Sue\.vscode\extensions\redhat.java-1.55.0-win32-x64\jre\21.0.11-win32-x86_64\bin\server\jvm.dll
0x00007ffcdc190000 - 0x00007ffcdc24c000 	C:\Windows\System32\ADVAPI32.dll
0x00007ffcdc260000 - 0x00007ffcdc30a000 	C:\Windows\System32\sechost.dll
0x00007ffcdb520000 - 0x00007ffcdb638000 	C:\Windows\System32\RPCRT4.dll
0x00007ffcdbff0000 - 0x00007ffcdc072000 	C:\Windows\System32\WS2_32.dll
0x00007ffcd9a10000 - 0x00007ffcd9a6e000 	C:\Windows\SYSTEM32\POWRPROF.dll
0x00007ffcd0fd0000 - 0x00007ffcd1006000 	C:\Windows\SYSTEM32\WINMM.dll
0x00007ffcd1010000 - 0x00007ffcd101b000 	C:\Windows\SYSTEM32\VERSION.dll
0x00007ffcd99f0000 - 0x00007ffcd9a05000 	C:\Windows\SYSTEM32\UMPDC.dll
0x00007ffcd8860000 - 0x00007ffcd887b000 	C:\Windows\SYSTEM32\kernel.appcore.dll
0x00007ffcc53c0000 - 0x00007ffcc53ca000 	c:\Users\Lyn Sue\.vscode\extensions\redhat.java-1.55.0-win32-x64\jre\21.0.11-win32-x86_64\bin\jimage.dll
0x00007ffcd7330000 - 0x00007ffcd7572000 	C:\Windows\SYSTEM32\DBGHELP.DLL
0x00007ffcdc310000 - 0x00007ffcdc695000 	C:\Windows\System32\combase.dll
0x00007ffcdbe00000 - 0x00007ffcdbed9000 	C:\Windows\System32\OLEAUT32.dll
0x00007ffcc4370000 - 0x00007ffcc43ab000 	C:\Windows\SYSTEM32\dbgcore.DLL
0x00007ffcd9f80000 - 0x00007ffcda02c000 	C:\Windows\System32\bcryptPrimitives.dll
0x00007ffcc44a0000 - 0x00007ffcc44af000 	c:\Users\Lyn Sue\.vscode\extensions\redhat.java-1.55.0-win32-x64\jre\21.0.11-win32-x86_64\bin\instrument.dll
0x00007ffcaa670000 - 0x00007ffcaa690000 	c:\Users\Lyn Sue\.vscode\extensions\redhat.java-1.55.0-win32-x64\jre\21.0.11-win32-x86_64\bin\java.dll
0x00007ffcda8d0000 - 0x00007ffcdb058000 	C:\Windows\System32\SHELL32.dll
0x00007ffcd7620000 - 0x00007ffcd7ebb000 	C:\Windows\SYSTEM32\windows.storage.dll
0x00007ffcdbef0000 - 0x00007ffcdbfe9000 	C:\Windows\System32\SHCORE.dll
0x00007ffcdb250000 - 0x00007ffcdb2b6000 	C:\Windows\System32\shlwapi.dll
0x00007ffcd9ad0000 - 0x00007ffcd9af9000 	C:\Windows\SYSTEM32\profapi.dll
0x00007ffc98e70000 - 0x00007ffc98e88000 	c:\Users\Lyn Sue\.vscode\extensions\redhat.java-1.55.0-win32-x64\jre\21.0.11-win32-x86_64\bin\zip.dll
0x00007ffcc3750000 - 0x00007ffcc3760000 	C:\Users\Lyn Sue\.vscode\extensions\redhat.java-1.55.0-win32-x64\jre\21.0.11-win32-x86_64\bin\net.dll
0x00007ffcd2e60000 - 0x00007ffcd2f88000 	C:\Windows\SYSTEM32\WINHTTP.dll
0x00007ffcd8df0000 - 0x00007ffcd8e5c000 	C:\Windows\system32\mswsock.dll
0x00007ffc83e80000 - 0x00007ffc83e96000 	C:\Users\Lyn Sue\.vscode\extensions\redhat.java-1.55.0-win32-x64\jre\21.0.11-win32-x86_64\bin\nio.dll
0x00007ffcbca90000 - 0x00007ffcbcaa0000 	c:\Users\Lyn Sue\.vscode\extensions\redhat.java-1.55.0-win32-x64\jre\21.0.11-win32-x86_64\bin\verify.dll
0x00007ffc6ec10000 - 0x00007ffc6ec55000 	C:\Users\Lyn Sue\AppData\Roaming\Code\User\globalStorage\redhat.java\1.55.0\config_win\org.eclipse.equinox.launcher\org.eclipse.equinox.launcher.win32.win32.x86_64_1.3.100.v20260613-0559\eclipse_11924.dll
0x00007ffcda6d0000 - 0x00007ffcda869000 	C:\Windows\System32\ole32.dll
0x00007ffcd9210000 - 0x00007ffcd922b000 	C:\Windows\SYSTEM32\CRYPTSP.dll
0x00007ffcd87c0000 - 0x00007ffcd87f9000 	C:\Windows\system32\rsaenh.dll
0x00007ffcd8ea0000 - 0x00007ffcd8ed2000 	C:\Windows\SYSTEM32\USERENV.dll
0x00007ffcd9aa0000 - 0x00007ffcd9aca000 	C:\Windows\SYSTEM32\bcrypt.dll
0x00007ffcd9050000 - 0x00007ffcd905c000 	C:\Windows\SYSTEM32\CRYPTBASE.dll
0x00007ffcd8190000 - 0x00007ffcd81c3000 	C:\Windows\SYSTEM32\IPHLPAPI.DLL
0x00007ffcdbdf0000 - 0x00007ffcdbdfa000 	C:\Windows\System32\NSI.dll
0x00007ffc6e700000 - 0x00007ffc6e749000 	C:\Users\Lyn Sue\AppData\Local\Temp\jna--1997412892\jna6368012161477212587.dll
0x00007ffcdbee0000 - 0x00007ffcdbee8000 	C:\Windows\System32\PSAPI.DLL
0x00007ffcd30a0000 - 0x00007ffcd30bd000 	C:\Windows\SYSTEM32\dhcpcsvc6.DLL
0x00007ffcd3070000 - 0x00007ffcd3095000 	C:\Windows\SYSTEM32\dhcpcsvc.DLL

JVMTI agents:
c:\Users\Lyn Sue\.vscode\extensions\redhat.java-1.55.0-win32-x64\lombok\lombok-1.18.39-4050.jar path:c:\Users\Lyn Sue\.vscode\extensions\redhat.java-1.55.0-win32-x64\jre\21.0.11-win32-x86_64\bin\instrument.dll, loaded, initialized, instrumentlib options:none

dbghelp: loaded successfully - version: 4.0.5 - missing functions: none
symbol engine: initialized successfully - sym options: 0x614 - pdb path: .;c:\Users\Lyn Sue\.vscode\extensions\redhat.java-1.55.0-win32-x64\jre\21.0.11-win32-x86_64\bin;C:\Windows\SYSTEM32;C:\Windows\WinSxS\amd64_microsoft.windows.common-controls_6595b64144ccf1df_6.0.26100.8972_none_3e0da176e32f9d4b;c:\Users\Lyn Sue\.vscode\extensions\redhat.java-1.55.0-win32-x64\jre\21.0.11-win32-x86_64\bin\server;C:\Users\Lyn Sue\AppData\Roaming\Code\User\globalStorage\redhat.java\1.55.0\config_win\org.eclipse.equinox.launcher\org.eclipse.equinox.launcher.win32.win32.x86_64_1.3.100.v20260613-0559;C:\Users\Lyn Sue\AppData\Local\Temp\jna--1997412892

VM Arguments:
jvm_args: --add-modules=ALL-SYSTEM --add-opens=java.base/java.util=ALL-UNNAMED --add-opens=java.base/java.lang=ALL-UNNAMED --add-opens=java.base/sun.nio.fs=ALL-UNNAMED -Declipse.application=org.eclipse.jdt.ls.core.id1 -Dosgi.bundles.defaultStartLevel=4 -Declipse.product=org.eclipse.jdt.ls.core.product -Djava.import.generatesMetadataFilesAtProjectRoot=false -DDetectVMInstallationsJob.disabled=true -Dfile.encoding=utf8 -XX:+UseParallelGC -XX:GCTimeRatio=4 -XX:AdaptiveSizePolicyWeight=90 -Dsun.zip.disableMemoryMapping=true -Xmx2G -Xms100m -Xlog:disable -javaagent:c:\Users\Lyn Sue\.vscode\extensions\redhat.java-1.55.0-win32-x64\lombok\lombok-1.18.39-4050.jar -XX:+HeapDumpOnOutOfMemoryError -XX:HeapDumpPath=c:\Users\Lyn Sue\AppData\Roaming\Code\User\workspaceStorage\7e474720ecf13bf97fcae113f998a4fd\redhat.java -Daether.dependencyCollector.impl=bf 
java_command: c:\Users\Lyn Sue\.vscode\extensions\redhat.java-1.55.0-win32-x64\server\plugins\org.eclipse.equinox.launcher_1.7.200.v20260619-2039.jar -configuration c:\Users\Lyn Sue\AppData\Roaming\Code\User\globalStorage\redhat.java\1.55.0\config_win -data c:\Users\Lyn Sue\AppData\Roaming\Code\User\workspaceStorage\7e474720ecf13bf97fcae113f998a4fd\redhat.java\jdt_ws --pipe=\\.\pipe\lsp-c87264fe71c8aba509447a70a376c2f9-sock
java_class_path (initial): c:\Users\Lyn Sue\.vscode\extensions\redhat.java-1.55.0-win32-x64\server\plugins\org.eclipse.equinox.launcher_1.7.200.v20260619-2039.jar
Launcher Type: SUN_STANDARD

[Global flags]
    uintx AdaptiveSizePolicyWeight                 = 90                                        {product} {command line}
     intx CICompilerCount                          = 12                                        {product} {ergonomic}
    uintx GCTimeRatio                              = 4                                         {product} {command line}
     bool HeapDumpOnOutOfMemoryError               = true                                   {manageable} {command line}
    ccstr HeapDumpPath                             = c:\Users\Lyn Sue\AppData\Roaming\Code\User\workspaceStorage\7e474720ecf13bf97fcae113f998a4fd\redhat.java         {manageable} {command line}
   size_t InitialHeapSize                          = 104857600                                 {product} {command line}
   size_t MaxHeapSize                              = 2147483648                                {product} {command line}
   size_t MaxNewSize                               = 715653120                                 {product} {ergonomic}
   size_t MinHeapDeltaBytes                        = 524288                                    {product} {ergonomic}
   size_t MinHeapSize                              = 104857600                                 {product} {command line}
   size_t NewSize                                  = 34603008                                  {product} {ergonomic}
    uintx NonNMethodCodeHeapSize                   = 7602480                                {pd product} {ergonomic}
    uintx NonProfiledCodeHeapSize                  = 122027880                              {pd product} {ergonomic}
   size_t OldSize                                  = 70254592                                  {product} {ergonomic}
    uintx ProfiledCodeHeapSize                     = 122027880                              {pd product} {ergonomic}
    uintx ReservedCodeCacheSize                    = 251658240                              {pd product} {ergonomic}
     bool SegmentedCodeCache                       = true                                      {product} {ergonomic}
   size_t SoftMaxHeapSize                          = 2147483648                             {manageable} {ergonomic}
     bool UseCompressedOops                        = true                           {product lp64_product} {ergonomic}
     bool UseLargePagesIndividualAllocation        = false                                  {pd product} {ergonomic}
     bool UseParallelGC                            = true                                      {product} {command line}

Logging:
Log output configuration:
 #0: stdout all=off uptime,level,tags foldmultilines=false
 #1: stderr all=off uptime,level,tags foldmultilines=false

Release file:
JAVA_VERSION="21.0.11" 
MODULES="java.base java.compiler java.datatransfer java.xml java.prefs java.desktop java.instrument java.logging java.management java.security.sasl java.naming java.rmi java.management.rmi java.net.http java.scripting java.security.jgss java.transaction.xa java.sql java.sql.rowset java.xml.crypto java.se java.smartcardio jdk.accessibility jdk.internal.jvmstat jdk.attach jdk.charsets jdk.internal.opt jdk.zipfs jdk.compiler jdk.crypto.ec jdk.crypto.cryptoki jdk.crypto.mscapi jdk.dynalink jdk.internal.ed jdk.editpad jdk.hotspot.agent jdk.httpserver jdk.internal.le jdk.internal.vm.ci jdk.internal.vm.compiler jdk.internal.vm.compiler.management jdk.jartool jdk.javadoc jdk.jcmd jdk.management jdk.management.agent jdk.jconsole jdk.jdeps jdk.jdwp.agent jdk.jdi jdk.jfr jdk.jshell jdk.jsobject jdk.jstatd jdk.localedata jdk.management.jfr jdk.naming.dns jdk.naming.rmi jdk.net jdk.nio.mapmode jdk.random jdk.sctp jdk.security.auth jdk.security.jgss jdk.unsupported jdk.unsupported.desktop jdk.xml.dom" 

Environment Variables:
PATH=C:\Program Files\Python314\Scripts\;C:\Program Files\Python314\;C:\Windows\system32;C:\Windows;C:\Windows\System32\Wbem;C:\Windows\System32\WindowsPowerShell\v1.0\;C:\Windows\System32\OpenSSH\;C:\Program Files\nodejs\;C:\ProgramData\chocolatey\bin;C:\Program Files\Git\cmd;C:\Program Files\dotnet\;C:\Program Files\Docker\Docker\resources\bin;C:\Users\Lyn Sue\AppData\Local\Microsoft\WindowsApps;C:\Users\Lyn Sue\AppData\Local\Programs\Microsoft VS Code\bin;C:\Users\Lyn Sue\AppData\Roaming\npm;C:\Users\Lyn Sue\AppData\Local\JetBrains\Toolbox\scripts;C:\xampp\mysql\bin;C:\xampp\php;C:\Users\Lyn Sue\.dotnet\tools
USERNAME=Lyn Sue
OS=Windows_NT
PROCESSOR_IDENTIFIER=AMD64 Family 25 Model 80 Stepping 0, AuthenticAMD
TMP=C:\Users\LYNSUE~1\AppData\Local\Temp
TEMP=C:\Users\LYNSUE~1\AppData\Local\Temp




Periodic native trim disabled

---------------  S Y S T E M  ---------------

OS:
 Windows 11 , 64 bit Build 26100 (10.0.26100.9168)
OS uptime: 0 days 3:15 hours
Hyper-V role detected

CPU: total 16 (initial active 16) (16 cores per cpu, 2 threads per core) family 25 model 80 stepping 0 microcode 0xa50000f, cx8, cmov, fxsr, ht, mmx, 3dnowpref, sse, sse2, sse3, ssse3, sse4a, sse4.1, sse4.2, popcnt, lzcnt, tsc, tscinvbit, avx, avx2, aes, erms, clmul, bmi1, bmi2, adx, sha, fma, vzeroupper, clflush, clflushopt, hv, rdtscp, rdpid, fsrm, f16c, cet_ss
Processor Information for the first 16 processors :
  Max Mhz: 1901, Current Mhz: 1901, Mhz Limit: 1901

Memory: 4k page, system-wide physical 15715M (966M free)
TotalPageFile size 22627M (AvailPageFile size 2M)
current process WorkingSet (physical memory assigned to process): 237M, peak: 281M
current process commit charge ("private bytes"): 359M, peak: 415M

vm_info: OpenJDK 64-Bit Server VM (21.0.11+10-LTS) for windows-amd64 JRE (21.0.11+10-LTS), built on 2026-04-21T00:00:00Z by "admin" with MS VC++ 17.12 (VS2022)

END.
